// Jest Snapshot v1, https://goo.gl/fbAQLP

exports[`<Countdown /> should render a simple countdown 1`] = `
<div>
  01
  :
  01
  :
  01
  :
  50
</div>
`;

exports[`<Countdown /> should render custom renderer output 1`] = `
<div>
  <div>
    1
    1
    1
    50
  </div>
</div>
`;

exports[`<Countdown /> should render with daysInHours => true 1`] = `
<div>
  25
  :
  01
  :
  50
</div>
`;

exports[`<Countdown /> should render with zeroPadDays => 3 1`] = `
<div>
  010
  :
  00
  :
  00
  :
  00
</div>
`;

exports[`<Countdown /> should trigger onTick and onComplete callbacks 1`] = `
<div>
  00
  :
  00
  :
  00
  :
  06
</div>
`;
