// Jest Snapshot v1, https://goo.gl/fbAQLP

exports[`<Countdown /> compares snapshot of countdown with custom renderer 1`] = `
<div>
  1
  1
  1
  50
</div>
`;

exports[`<Countdown /> compares snapshot of countdown with daysInHours => true 1`] = `
<span>
  25
  :
  01
  :
  50
</span>
`;

exports[`<Countdown /> should trigger onTick and onComplete callbacks 1`] = `
<Countdown
  controlled={false}
  date={1482363377071}
  daysInHours={false}
  intervalDelay={1000}
  onComplete={[Function]}
  onTick={[Function]}
  precision={0}
  zeroPadLength={2}
>
  <span>
    00
    :
    00
    :
    00
    :
    06
  </span>
</Countdown>
`;
