// Jest Snapshot v1, https://goo.gl/fbAQLP

exports[`useCountdown should use countdown 1`] = `
{
  "api": {
    "isCompleted": [Function],
    "isPaused": [Function],
    "isStarted": [Function],
    "isStopped": [Function],
    "pause": [Function],
    "start": [Function],
    "stop": [Function],
  },
  "completed": false,
  "days": 0,
  "formatted": {
    "days": "00",
    "hours": "00",
    "minutes": "00",
    "seconds": "10",
  },
  "hours": 0,
  "milliseconds": 0,
  "minutes": 0,
  "props": {
    "autoStart": true,
    "controlled": false,
    "date": 1482363377071,
    "daysInHours": false,
    "intervalDelay": 1000,
    "precision": 0,
    "pure": true,
    "zeroPadTime": 2,
  },
  "seconds": 10,
  "total": 10000,
}
`;
